../Core/Src/main.c:68:6:uart_msg	16	static
../Core/Src/main.c:75:6:task1_handler	16	static
../Core/Src/main.c:87:6:task2_handler	16	static
../Core/Src/main.c:113:5:main	56	static
../Core/Src/main.c:190:6:SystemClock_Config	96	static
../Core/Src/main.c:240:13:MX_USART2_UART_Init	8	static
../Core/Src/main.c:275:13:MX_GPIO_Init	48	static
../Core/Src/main.c:311:6:vApplicationIdleHook	8	static,ignoring_inline_asm
../Core/Src/main.c:332:6:StartDefaultTask	16	static
../Core/Src/main.c:347:6:Error_Handler	4	static,ignoring_inline_asm
