../Core/Src/main.c:76:6:EXTI15_10_IRQHandler	8	static
../Core/Src/main.c:86:6:uart_msg	16	static
../Core/Src/main.c:93:6:rtos_delay	24	static
../Core/Src/main.c:110:6:task1	24	static
../Core/Src/main.c:142:6:task2	24	static
../Core/Src/main.c:183:5:main	56	static
../Core/Src/main.c:263:6:SystemClock_Config	96	static
../Core/Src/main.c:313:13:MX_USART2_UART_Init	8	static
../Core/Src/main.c:348:13:MX_GPIO_Init	48	static
../Core/Src/main.c:397:6:StartDefaultTask	16	static
../Core/Src/main.c:412:6:Error_Handler	4	static,ignoring_inline_asm
