../Core/Src/main.c:69:6:UART_SendString	16	static
../Core/Src/main.c:75:6:ProducerTask	24	static,ignoring_inline_asm
../Core/Src/main.c:104:6:ProcessID	72	static
../Core/Src/main.c:115:6:ConsumerTask	24	static
../Core/Src/main.c:148:5:main	56	static
../Core/Src/main.c:237:6:SystemClock_Config	96	static
../Core/Src/main.c:287:13:MX_USART2_UART_Init	8	static
../Core/Src/main.c:322:13:MX_GPIO_Init	48	static
../Core/Src/main.c:367:6:StartDefaultTask	16	static
../Core/Src/main.c:382:6:Error_Handler	4	static,ignoring_inline_asm
