../Drivers/CMSIS/Include/core_cm4.h:2059:26:ITM_SendChar	16	static,ignoring_inline_asm
../Core/Src/main.c:61:5:_write	32	static
../Core/Src/main.c:75:6:Task1_handler	16	static
../Core/Src/main.c:84:6:Task2_handler	16	static
../Core/Src/main.c:98:5:main	56	static
../Core/Src/main.c:175:6:SystemClock_Config	96	static
../Core/Src/main.c:225:13:MX_USART2_UART_Init	8	static
../Core/Src/main.c:260:13:MX_GPIO_Init	48	static
../Core/Src/main.c:305:6:StartDefaultTask	16	static
../Core/Src/main.c:320:6:Error_Handler	4	static,ignoring_inline_asm
